
$ git push -u origin main
To https://github.com/kiui51013/wakeup.git
 ! [rejected]        main -> main (non-fast-forward)
error: failed to push some refs to 'https://github.com/kiui51013/wakeup.git'
hint:~~~~~~~~~~~~~~~~~~~~~~~~~~~~~~~~~~~~~~~~~~~~~~~~~~~~~~~~~~~~~~~~~~~~
Updates were rejected because the tip of your current branch is behind
its remote counterpart. If you want to integrate the remote changes,
use 'git pull' before pushing again.
See the 'Note about fast-forwards' in 'git push --help' for details
~~~~~~~~~~~~~~~~~~~~~~~~~~~~~~~~~~~~~~~~~~~~~~~~~~~~~~~~~~~~~~~~~~~~~~~~~.
ğŸ§¨ 1<gold@honda>~/work/asciidoc

$ git pull origin
From https://github.com/kiui51013/wakeup
 * branch            HEAD       -> FETCH_HEAD
hint:~~~~~~~~~~~~~~~~~~~~~~~~~~~~~~~~~~~~~~~~~~~~~~~~~~~~~~~~~~~~~~~~~~~~~~
 You have divergent branches and need to specify how to reconcile them.
 You can do so by running one of the following commands sometime before
 your next pull:

   git config pull.rebase false  # merge
   git config pull.rebase true   # rebase
   git config pull.ff only       # fast-forward only

 You can replace "git config" with "git config --global" to set a default
 preference for all repositories. You can also pass --rebase, --no-rebase,
 or --ff-only on the command line to override the configured default per
 invocation.
~~~~~~~~~~~~~~~~~~~~~~~~~~~~~~~~~~~~~~~~~~~~~~~~~~~~~~~~~~~~~~~~~~~~~~~~~~~
fatal: Need to specify how to reconcile divergent branches.
ğŸ§¨ 128<gold@honda>~/work/asciidoc

$ git config pull.rebase true
ğŸº <gold@honda>~/work/asciidoc
$ ls
REAME2.adoc
ğŸº <gold@honda>~/work/asciidoc
$ git pull origin
From https://github.com/kiui51013/wakeup
 * branch            HEAD       -> FETCH_HEAD
Successfully rebased and updated refs/heads/main.
ğŸº <gold@honda>~/work/asciidoc

$ git push -u origin main
Enumerating objects: 9, done.
Counting objects: 100% (9/9), done.
Delta compression using up to 8 threads
Compressing objects: 100% (8/8), done.
Writing objects: 100% (8/8), 1.24 KiB | 1.24 MiB/s, done.
Total 8 (delta 4), reused 0 (delta 0), pack-reused 0
remote: Resolving deltas: 100% (4/4), completed with 1 local object.
To https://github.com/kiui51013/wakeup.git
   e09bd01..df0ebe2  main -> main
branch 'main' set up to track 'origin/main'.
ğŸº <gold@honda>~/work/asciidoc
$

toyo8603 not available ....... 11/16 2023

~~~~~~~~~~~~~~~~~~~~~~~~~~~~~~~~~~~~~~~~~

ã©ã†ã‚‚åˆ†ã‹ã‚‰ã‚“ã­ã€toyo8603 ãŒå…¨ãä½¿ç”¨ã§ããªã„ï¼
ç¾åœ¨ã®ã¨ã“ã‚ kiui51013@gmail.comã®ã¿OKã€‚
æ ¹æœ¬çš„ã«ã“ã“2å¹´ã§GitHubã®AuthenticationãŒå¤‰ã‚ã£ãŸã¿ãŸã„ã€‚
-----------------------------------------
å¤‰æ›´ã•ã‚Œãªã„ãŒï¼